../Core/Src/main.c:98:5:main	7
../Core/Src/main.c:215:6:SystemClock_Config	4
../Core/Src/main.c:269:13:MX_TIM1_Init	7
../Core/Src/main.c:344:13:MX_TIM2_Init	3
../Core/Src/main.c:393:13:MX_TIM3_Init	4
../Core/Src/main.c:438:13:MX_TIM4_Init	3
../Core/Src/main.c:487:13:MX_USART2_UART_Init	2
../Core/Src/main.c:518:13:MX_DMA_Init	1
../Core/Src/main.c:536:13:MX_GPIO_Init	1
../Core/Src/main.c:581:6:HAL_TIM_PeriodElapsedCallback	2
../Core/Src/main.c:589:6:setMotor	2
../Core/Src/main.c:601:21:wrap	3
../Core/Src/main.c:612:6:Error_Handler	1
