../Core/Src/main.c:98:5:main	152	static
../Core/Src/main.c:215:6:SystemClock_Config	88	static
../Core/Src/main.c:269:13:MX_TIM1_Init	96	static
../Core/Src/main.c:344:13:MX_TIM2_Init	56	static
../Core/Src/main.c:393:13:MX_TIM3_Init	32	static
../Core/Src/main.c:438:13:MX_TIM4_Init	56	static
../Core/Src/main.c:487:13:MX_USART2_UART_Init	8	static
../Core/Src/main.c:518:13:MX_DMA_Init	16	static
../Core/Src/main.c:536:13:MX_GPIO_Init	48	static
../Core/Src/main.c:581:6:HAL_TIM_PeriodElapsedCallback	16	static
../Core/Src/main.c:589:6:setMotor	24	static
../Core/Src/main.c:601:21:wrap	16	static
../Core/Src/main.c:612:6:Error_Handler	4	static,ignoring_inline_asm
